{
  "cases": 135,
  "stage2_applied_rate": 0.0,
  "stage2_candidate_improvement_rate": 0.6296296296296297,
  "recovered_admissible_rate": 0.7333333333333333,
  "mean_stage1_objective": 43.86859286716362,
  "mean_final_objective": 43.86859286716362,
  "mean_stage2_candidate_objective_gain_vs_stage1": 0.07683763593359408,
  "mean_stage2_applied_objective_gain_vs_stage1": 0.0,
  "mean_clean_to_stage1_distance": 0.023679060381021303,
  "mean_clean_to_final_distance": 0.023679060381021303,
  "mean_stage2_clean_distance_delta_vs_stage1": 0.05628251000367221,
  "stage2_clean_nonworsen_rate": 0.2,
  "stage2_helpful_tradeoff_rate": 0.1111111111111111,
  "corr_gain_vs_clean_delta": 0.18929413926945524,
  "corr_gain_vs_obs_fit_delta": -0.5853860205823721,
  "corr_gain_vs_ref_anchor_delta": 0.21173614176537903,
  "corr_gain_vs_phi_ref_delta": 0.24240973191711715,
  "corr_gain_vs_clock_delta": -0.1920207204165889,
  "corr_gain_vs_smooth_delta": -0.19863618823222828
}
saved_json=D:\Pandora_box\biqmn\results\raw\recovery_ablation_kappa_sensitivity_260430.json
saved_markdown=D:\Pandora_box\biqmn\results\tables\recovery_ablation_kappa_sensitivity_260430.md
